../Core/Src/main.c:85:5:main	8	static
../Core/Src/main.c:169:6:SystemClock_Config	128	static
../Core/Src/main.c:222:13:MX_FDCAN1_Init	32	static
../Core/Src/main.c:297:13:MX_ICACHE_Init	8	static
../Core/Src/main.c:329:13:MX_TIM3_Init	48	static
../Core/Src/main.c:378:13:MX_GPIO_Init	40	static
../Core/Src/main.c:427:6:HAL_FDCAN_RxFifo0Callback	80	static
../Core/Src/main.c:462:6:can_send_std	16	static
../Core/Src/main.c:480:9:getDataLength	16	static
../Core/Src/main.c:496:6:solenoidActuate	24	static
../Core/Src/main.c:510:6:solenoidDetect	4	static
../Core/Src/main.c:518:6:setPWM	32	static
../Core/Src/main.c:526:6:zeroServo	8	static
../Core/Src/main.c:531:6:servoRotate	32	static
../Core/Src/main.c:552:6:Error_Handler	4	static,ignoring_inline_asm
