../Core/Src/main.c:110:5:main	16	static
../Core/Src/main.c:197:6:SystemClock_Config	128	static
../Core/Src/main.c:250:13:MX_FDCAN1_Init	32	static
../Core/Src/main.c:325:13:MX_ICACHE_Init	8	static
../Core/Src/main.c:357:13:MX_TIM3_Init	48	static
../Core/Src/main.c:406:13:MX_GPIO_Init	40	static
../Core/Src/main.c:455:6:processCommand	16	static
../Core/Src/main.c:485:9:systemReady	16	static
../Core/Src/main.c:497:9:systemIdle	16	static
../Core/Src/main.c:508:6:handleServo	8	static
../Core/Src/main.c:531:6:handlePyro	16	static
../Core/Src/main.c:556:6:pyroActuate	16	static
../Core/Src/main.c:568:9:pyroDetect	24	static
../Core/Src/main.c:578:6:HAL_FDCAN_RxFifo0Callback	72	static
../Core/Src/main.c:613:6:can_send_std	16	static
../Core/Src/main.c:631:9:getDataLength	16	static
../Core/Src/main.c:647:6:setPWM	32	static
../Core/Src/main.c:655:6:servoZero	8	static
../Core/Src/main.c:660:6:servoRotate	32	static
../Core/Src/main.c:681:6:Error_Handler	4	static,ignoring_inline_asm
