Archive member included to satisfy reference by file (symbol)

C:/ST/STM32CubeIDE_1.19.0/STM32CubeIDE/plugins/com.st.stm32cube.ide.mcu.externaltools.gnu-tools-for-stm32.13.3.rel1.win32_1.0.0.202411081344/tools/bin/../lib/gcc/arm-none-eabi/13.3.1/../../../../arm-none-eabi/lib/thumb/v8-m.main+fp/hard\libc_nano.a(libc_a-exit.o)
                              C:/ST/STM32CubeIDE_1.19.0/STM32CubeIDE/plugins/com.st.stm32cube.ide.mcu.externaltools.gnu-tools-for-stm32.13.3.rel1.win32_1.0.0.202411081344/tools/bin/../lib/gcc/arm-none-eabi/13.3.1/../../../../arm-none-eabi/lib/thumb/v8-m.main+fp/hard/crt0.o (exit)
C:/ST/STM32CubeIDE_1.19.0/STM32CubeIDE/plugins/com.st.stm32cube.ide.mcu.externaltools.gnu-tools-for-stm32.13.3.rel1.win32_1.0.0.202411081344/tools/bin/../lib/gcc/arm-none-eabi/13.3.1/../../../../arm-none-eabi/lib/thumb/v8-m.main+fp/hard\libc_nano.a(libc_a-findfp.o)
                              C:/ST/STM32CubeIDE_1.19.0/STM32CubeIDE/plugins/com.st.stm32cube.ide.mcu.externaltools.gnu-tools-for-stm32.13.3.rel1.win32_1.0.0.202411081344/tools/bin/../lib/gcc/arm-none-eabi/13.3.1/../../../../arm-none-eabi/lib/thumb/v8-m.main+fp/hard\libc_nano.a(libc_a-exit.o) (__stdio_exit_handler)
C:/ST/STM32CubeIDE_1.19.0/STM32CubeIDE/plugins/com.st.stm32cube.ide.mcu.externaltools.gnu-tools-for-stm32.13.3.rel1.win32_1.0.0.202411081344/tools/bin/../lib/gcc/arm-none-eabi/13.3.1/../../../../arm-none-eabi/lib/thumb/v8-m.main+fp/hard\libc_nano.a(libc_a-fwalk.o)
                              C:/ST/STM32CubeIDE_1.19.0/STM32CubeIDE/plugins/com.st.stm32cube.ide.mcu.externaltools.gnu-tools-for-stm32.13.3.rel1.win32_1.0.0.202411081344/tools/bin/../lib/gcc/arm-none-eabi/13.3.1/../../../../arm-none-eabi/lib/thumb/v8-m.main+fp/hard\libc_nano.a(libc_a-findfp.o) (_fwalk_sglue)
C:/ST/STM32CubeIDE_1.19.0/STM32CubeIDE/plugins/com.st.stm32cube.ide.mcu.externaltools.gnu-tools-for-stm32.13.3.rel1.win32_1.0.0.202411081344/tools/bin/../lib/gcc/arm-none-eabi/13.3.1/../../../../arm-none-eabi/lib/thumb/v8-m.main+fp/hard\libc_nano.a(libc_a-stdio.o)
                              C:/ST/STM32CubeIDE_1.19.0/STM32CubeIDE/plugins/com.st.stm32cube.ide.mcu.externaltools.gnu-tools-for-stm32.13.3.rel1.win32_1.0.0.202411081344/tools/bin/../lib/gcc/arm-none-eabi/13.3.1/../../../../arm-none-eabi/lib/thumb/v8-m.main+fp/hard\libc_nano.a(libc_a-findfp.o) (__sread)
C:/ST/STM32CubeIDE_1.19.0/STM32CubeIDE/plugins/com.st.stm32cube.ide.mcu.externaltools.gnu-tools-for-stm32.13.3.rel1.win32_1.0.0.202411081344/tools/bin/../lib/gcc/arm-none-eabi/13.3.1/../../../../arm-none-eabi/lib/thumb/v8-m.main+fp/hard\libc_nano.a(libc_a-memset.o)
                              C:/ST/STM32CubeIDE_1.19.0/STM32CubeIDE/plugins/com.st.stm32cube.ide.mcu.externaltools.gnu-tools-for-stm32.13.3.rel1.win32_1.0.0.202411081344/tools/bin/../lib/gcc/arm-none-eabi/13.3.1/../../../../arm-none-eabi/lib/thumb/v8-m.main+fp/hard/crt0.o (memset)
C:/ST/STM32CubeIDE_1.19.0/STM32CubeIDE/plugins/com.st.stm32cube.ide.mcu.externaltools.gnu-tools-for-stm32.13.3.rel1.win32_1.0.0.202411081344/tools/bin/../lib/gcc/arm-none-eabi/13.3.1/../../../../arm-none-eabi/lib/thumb/v8-m.main+fp/hard\libc_nano.a(libc_a-closer.o)
                              C:/ST/STM32CubeIDE_1.19.0/STM32CubeIDE/plugins/com.st.stm32cube.ide.mcu.externaltools.gnu-tools-for-stm32.13.3.rel1.win32_1.0.0.202411081344/tools/bin/../lib/gcc/arm-none-eabi/13.3.1/../../../../arm-none-eabi/lib/thumb/v8-m.main+fp/hard\libc_nano.a(libc_a-stdio.o) (_close_r)
C:/ST/STM32CubeIDE_1.19.0/STM32CubeIDE/plugins/com.st.stm32cube.ide.mcu.externaltools.gnu-tools-for-stm32.13.3.rel1.win32_1.0.0.202411081344/tools/bin/../lib/gcc/arm-none-eabi/13.3.1/../../../../arm-none-eabi/lib/thumb/v8-m.main+fp/hard\libc_nano.a(libc_a-reent.o)
                              C:/ST/STM32CubeIDE_1.19.0/STM32CubeIDE/plugins/com.st.stm32cube.ide.mcu.externaltools.gnu-tools-for-stm32.13.3.rel1.win32_1.0.0.202411081344/tools/bin/../lib/gcc/arm-none-eabi/13.3.1/../../../../arm-none-eabi/lib/thumb/v8-m.main+fp/hard\libc_nano.a(libc_a-closer.o) (errno)
C:/ST/STM32CubeIDE_1.19.0/STM32CubeIDE/plugins/com.st.stm32cube.ide.mcu.externaltools.gnu-tools-for-stm32.13.3.rel1.win32_1.0.0.202411081344/tools/bin/../lib/gcc/arm-none-eabi/13.3.1/../../../../arm-none-eabi/lib/thumb/v8-m.main+fp/hard\libc_nano.a(libc_a-impure.o)
                              C:/ST/STM32CubeIDE_1.19.0/STM32CubeIDE/plugins/com.st.stm32cube.ide.mcu.externaltools.gnu-tools-for-stm32.13.3.rel1.win32_1.0.0.202411081344/tools/bin/../lib/gcc/arm-none-eabi/13.3.1/../../../../arm-none-eabi/lib/thumb/v8-m.main+fp/hard\libc_nano.a(libc_a-reent.o) (_impure_ptr)
C:/ST/STM32CubeIDE_1.19.0/STM32CubeIDE/plugins/com.st.stm32cube.ide.mcu.externaltools.gnu-tools-for-stm32.13.3.rel1.win32_1.0.0.202411081344/tools/bin/../lib/gcc/arm-none-eabi/13.3.1/../../../../arm-none-eabi/lib/thumb/v8-m.main+fp/hard\libc_nano.a(libc_a-lseekr.o)
[...]
Memory Configuration

Name             Origin             Length             Attributes
RAM              0x20000000         0x000c0000         xrw
SRAM4            0x28000000         0x00004000         xrw
FLASH            0x08000000         0x00100000         xr
*default*        0x00000000         0xffffffff

Linker script and memory map

LOAD C:/ST/STM32CubeIDE_1.19.0/STM32CubeIDE/plugins/com.st.stm32cube.ide.mcu.externaltools.gnu-tools-for-stm32.13.3.rel1.win32_1.0.0.202411081344/tools/bin/../lib/gcc/arm-none-eabi/13.3.1/thumb/v8-m.main+fp/hard/crti.o
LOAD C:/ST/STM32CubeIDE_1.19.0/STM32CubeIDE/plugins/com.st.stm32cube.ide.mcu.externaltools.gnu-tools-for-stm32.13.3.rel1.win32_1.0.0.202411081344/tools/bin/../lib/gcc/arm-none-eabi/13.3.1/thumb/v8-m.main+fp/hard/crtbegin.o
LOAD C:/ST/STM32CubeIDE_1.19.0/STM32CubeIDE/plugins/com.st.stm32cube.ide.mcu.externaltools.gnu-tools-for-stm32.13.3.rel1.win32_1.0.0.202411081344/tools/bin/../lib/gcc/arm-none-eabi/13.3.1/../../../../arm-none-eabi/lib/thumb/v8-m.main+fp/hard/crt0.o
LOAD ./Core/Src/main.o
LOAD ./Core/Src/stm32u5xx_hal_msp.o
LOAD ./Core/Src/stm32u5xx_it.o
LOAD ./Core/Src/syscalls.o
LOAD ./Core/Src/sysmem.o
LOAD ./Core/Src/system_stm32u5xx.o
LOAD ./Core/Startup/startup_stm32u575cgtx.o
LOAD ./Drivers/STM32U5xx_HAL_Driver/Src/stm32u5xx_hal.o
LOAD ./Drivers/STM32U5xx_HAL_Driver/Src/stm32u5xx_hal_cortex.o
LOAD ./Drivers/STM32U5xx_HAL_Driver/Src/stm32u5xx_hal_dma.o
LOAD ./Drivers/STM32U5xx_HAL_Driver/Src/stm32u5xx_hal_dma_ex.o
LOAD ./Drivers/STM32U5xx_HAL_Driver/Src/stm32u5xx_hal_exti.o
LOAD ./Drivers/STM32U5xx_HAL_Driver/Src/stm32u5xx_hal_fdcan.o
LOAD ./Drivers/STM32U5xx_HAL_Driver/Src/stm32u5xx_hal_flash.o
LOAD ./Drivers/STM32U5xx_HAL_Driver/Src/stm32u5xx_hal_flash_ex.o
LOAD ./Drivers/STM32U5xx_HAL_Driver/Src/stm32u5xx_hal_gpio.o
LOAD ./Drivers/STM32U5xx_HAL_Driver/Src/stm32u5xx_hal_gtzc.o
LOAD ./Drivers/STM32U5xx_HAL_Driver/Src/stm32u5xx_hal_i2c.o
LOAD ./Drivers/STM32U5xx_HAL_Driver/Src/stm32u5xx_hal_i2c_ex.o
LOAD ./Drivers/STM32U5xx_HAL_Driver/Src/stm32u5xx_hal_icache.o
LOAD ./Drivers/STM32U5xx_HAL_Driver/Src/stm32u5xx_hal_pwr.o
LOAD ./Drivers/STM32U5xx_HAL_Driver/Src/stm32u5xx_hal_pwr_ex.o
LOAD ./Drivers/STM32U5xx_HAL_Driver/Src/stm32u5xx_hal_rcc.o
LOAD ./Drivers/STM32U5xx_HAL_Driver/Src/stm32u5xx_hal_rcc_ex.o
LOAD ./Drivers/STM32U5xx_HAL_Driver/Src/stm32u5xx_hal_tim.o
LOAD ./Drivers/STM32U5xx_HAL_Driver/Src/stm32u5xx_hal_tim_ex.o
START GROUP
LOAD C:/ST/STM32CubeIDE_1.19.0/STM32CubeIDE/plugins/com.st.stm32cube.ide.mcu.externaltools.gnu-tools-for-stm32.13.3.rel1.win32_1.0.0.202411081344/tools/bin/../lib/gcc/arm-none-eabi/13.3.1/../../../../arm-none-eabi/lib/thumb/v8-m.main+fp/hard\libc_nano.a
LOAD C:/ST/STM32CubeIDE_1.19.0/STM32CubeIDE/plugins/com.st.stm32cube.ide.mcu.externaltools.gnu-tools-for-stm32.13.3.rel1.win32_1.0.0.202411081344/tools/bin/../lib/gcc/arm-none-eabi/13.3.1/../../../../arm-none-eabi/lib/thumb/v8-m.main+fp/hard\libm.a
END GROUP
START GROUP
LOAD C:/ST/STM32CubeIDE_1.19.0/STM32CubeIDE/plugins/com.st.stm32cube.ide.mcu.externaltools.gnu-tools-for-stm32.13.3.rel1.win32_1.0.0.202411081344/tools/bin/../lib/gcc/arm-none-eabi/13.3.1/thumb/v8-m.main+fp/hard\libgcc.a
LOAD C:/ST/STM32CubeIDE_1.19.0/STM32CubeIDE/plugins/com.st.stm32cube.ide.mcu.externaltools.gnu-tools-for-stm32.13.3.rel1.win32_1.0.0.202411081344/tools/bin/../lib/gcc/arm-none-eabi/13.3.1/../../../../arm-none-eabi/lib/thumb/v8-m.main+fp/hard\libc_nano.a
END GROUP
START GROUP
LOAD C:/ST/STM32CubeIDE_1.19.0/STM32CubeIDE/plugins/com.st.stm32cube.ide.mcu.externaltools.gnu-tools-for-stm32.13.3.rel1.win32_1.0.0.202411081344/tools/bin/../lib/gcc/arm-none-eabi/13.3.1/thumb/v8-m.main+fp/hard\libgcc.a
LOAD C:/ST/STM32CubeIDE_1.19.0/STM32CubeIDE/plugins/com.st.stm32cube.ide.mcu.externaltools.gnu-tools-for-stm32.13.3.rel1.win32_1.0.0.202411081344/tools/bin/../lib/gcc/arm-none-eabi/13.3.1/../../../../arm-none-eabi/lib/thumb/v8-m.main+fp/hard\libc_nano.a
LOAD C:/ST/STM32CubeIDE_1.19.0/STM32CubeIDE/plugins/com.st.stm32cube.ide.mcu.externaltools.gnu-tools-for-stm32.13.3.rel1.win32_1.0.0.202411081344/tools/bin/../lib/gcc/arm-none-eabi/13.3.1/../../../../arm-none-eabi/lib/thumb/v8-m.main+fp/hard\libnosys.a
END GROUP
START GROUP
LOAD C:/ST/STM32CubeIDE_1.19.0/STM32CubeIDE/plugins/com.st.stm32cube.ide.mcu.externaltools.gnu-tools-for-stm32.13.3.rel1.win32_1.0.0.202411081344/tools/bin/../lib/gcc/arm-none-eabi/13.3.1/thumb/v8-m.main+fp/hard\libgcc.a
LOAD C:/ST/STM32CubeIDE_1.19.0/STM32CubeIDE/plugins/com.st.stm32cube.ide.mcu.externaltools.gnu-tools-for-stm32.13.3.rel1.win32_1.0.0.202411081344/tools/bin/../lib/gcc/arm-none-eabi/13.3.1/../../../../arm-none-eabi/lib/thumb/v8-m.main+fp/hard\libc_nano.a
LOAD C:/ST/STM32CubeIDE_1.19.0/STM32CubeIDE/plugins/com.st.stm32cube.ide.mcu.externaltools.gnu-tools-for-stm32.13.3.rel1.win32_1.0.0.202411081344/tools/bin/../lib/gcc/arm-none-eabi/13.3.1/../../../../arm-none-eabi/lib/thumb/v8-m.main+fp/hard\libnosys.a
END GROUP
LOAD C:/ST/STM32CubeIDE_1.19.0/STM32CubeIDE/plugins/com.st.stm32cube.ide.mcu.externaltools.gnu-tools-for-stm32.13.3.rel1.win32_1.0.0.202411081344/tools/bin/../lib/gcc/arm-none-eabi/13.3.1/thumb/v8-m.main+fp/hard/crtend.o
LOAD C:/ST/STM32CubeIDE_1.19.0/STM32CubeIDE/plugins/com.st.stm32cube.ide.mcu.externaltools.gnu-tools-for-stm32.13.3.rel1.win32_1.0.0.202411081344/tools/bin/../lib/gcc/arm-none-eabi/13.3.1/thumb/v8-m.main+fp/hard/crtn.o
                0x200c0000                        _estack = (ORIGIN (RAM) + LENGTH (RAM))
                0x00000200                        _Min_Heap_Size = 0x200
                0x00000400                        _Min_Stack_Size = 0x400

.isr_vector     0x08000000      0x238
 *(.isr_vector)
 .isr_vector    0x08000000      0x238 ./Core/Startup/startup_stm32u575cgtx.o
                0x08000000                g_pfnVectors

.text           0x08000238     0x537c
 *(.text)
 .text          0x08000238       0x40 C:/ST/STM32CubeIDE_1.19.0/STM32CubeIDE/plugins/com.st.stm32cube.ide.mcu.externaltools.gnu-tools-for-stm32.13.3.rel1.win32_1.0.0.202411081344/tools/bin/../lib/gcc/arm-none-eabi/13.3.1/thumb/v8-m.main+fp/hard/crtbegin.o
 *(.text*)
 .text.main     0x08000278       0x84 ./Core/Src/main.o
                0x08000278                main
 .text.SystemClock_Config
                0x080002fc       0xb2 ./Core/Src/main.o
                0x080002fc                SystemClock_Config
 *fill*         0x080003ae        0x2 
 .text.MX_FDCAN1_Init
                0x080003b0      0x11c ./Core/Src/main.o
 .text.MX_ICACHE_Init
                0x080004cc       0x26 ./Core/Src/main.o
 *fill*         0x080004f2        0x2 
 .text.MX_TIM3_Init
                0x080004f4       0xb4 ./Core/Src/main.o
 .text.MX_GPIO_Init
                0x080005a8       0xf0 ./Core/Src/main.o
 .text.HAL_FDCAN_RxFifo0Callback
                0x08000698       0xc4 ./Core/Src/main.o
                0x08000698                HAL_FDCAN_RxFifo0Callback
 .text.getDataLength
                0x0800075c       0x70 ./Core/Src/main.o
                0x0800075c                getDataLength
 .text.setPWM   0x080007cc       0xac ./Core/Src/main.o
                0x080007cc                setPWM
 .text.zeroServo
                0x08000878       0x20 ./Core/Src/main.o
                0x08000878                zeroServo
 .text.servoRotate
                0x08000898       0x9c ./Core/Src/main.o
                0x08000898                servoRotate
 .text.Error_Handler
                0x08000934        0xc ./Core/Src/main.o
                0x08000934                Error_Handler
 .text.HAL_MspInit
                0x08000940       0x34 ./Core/Src/stm32u5xx_hal_msp.o
                0x08000940                HAL_MspInit
 .text.HAL_FDCAN_MspInit
                0x08000974       0xe4 ./Core/Src/stm32u5xx_hal_msp.o
                0x08000974                HAL_FDCAN_MspInit
 .text.HAL_TIM_PWM_MspInit
                0x08000a58       0x44 ./Core/Src/stm32u5xx_hal_msp.o
                0x08000a58                HAL_TIM_PWM_MspInit
 .text.HAL_TIM_MspPostInit
                0x08000a9c       0x74 ./Core/Src/stm32u5xx_hal_msp.o
                0x08000a9c                HAL_TIM_MspPostInit
 .text.NMI_Handler
                0x08000b10        0x8 ./Core/Src/stm32u5xx_it.o
                0x08000b10                NMI_Handler
 .text.HardFault_Handler
                0x08000b18        0x8 ./Core/Src/stm32u5xx_it.o
                0x08000b18                HardFault_Handler
 .text.MemManage_Handler
                0x08000b20        0x8 ./Core/Src/stm32u5xx_it.o
                0x08000b20                MemManage_Handler
 .text.BusFault_Handler
                0x08000b28        0x8 ./Core/Src/stm32u5xx_it.o
                0x08000b28                BusFault_Handler
 .text.UsageFault_Handler
                0x08000b30        0x8 ./Core/Src/stm32u5xx_it.o
                0x08000b30                UsageFault_Handler
 .text.SVC_Handler
                0x08000b38        0xe ./Core/Src/stm32u5xx_it.o
                0x08000b38                SVC_Handler
 .text.DebugMon_Handler
                0x08000b46        0xe ./Core/Src/stm32u5xx_it.o
                0x08000b46                DebugMon_Handler
 .text.PendSV_Handler
                0x08000b54        0xe ./Core/Src/stm32u5xx_it.o
                0x08000b54                PendSV_Handler
 .text.SysTick_Handler
                0x08000b62        0xc ./Core/Src/stm32u5xx_it.o
                0x08000b62                SysTick_Handler
 *fill*         0x08000b6e        0x2 
 .text.FDCAN1_IT0_IRQHandler
                0x08000b70       0x14 ./Core/Src/stm32u5xx_it.o
                0x08000b70                FDCAN1_IT0_IRQHandler
 .text.SystemInit
                0x08000b84       0x70 ./Core/Src/system_stm32u5xx.o
                0x08000b84                SystemInit
 .text.Reset_Handler
                0x08000bf4       0x50 ./Core/Startup/startup_stm32u575cgtx.o
                0x08000bf4                Reset_Handler
 .text.Default_Handler
                0x08000c44        0x2 ./Core/Startup/startup_stm32u575cgtx.o
                0x08000c44                EXTI2_IRQHandler
                0x08000c44                TIM8_TRG_COM_IRQHandler
                0x08000c44                TIM8_CC_IRQHandler
                0x08000c44                EXTI5_IRQHandler
                0x08000c44                FLASH_S_IRQHandler
                0x08000c44                EXTI13_IRQHandler
                0x08000c44                TIM1_CC_IRQHandler
                0x08000c44                TSC_IRQHandler
                0x08000c44                TAMP_IRQHandler
                0x08000c44                TIM6_IRQHandler
                0x08000c44                EXTI12_IRQHandler
                0x08000c44                CORDIC_IRQHandler
                0x08000c44                EXTI3_IRQHandler
                0x08000c44                LPTIM4_IRQHandler
                0x08000c44                GPDMA1_Channel5_IRQHandler
                0x08000c44                EXTI8_IRQHandler
                0x08000c44                LPTIM2_IRQHandler
                0x08000c44                I2C3_ER_IRQHandler
                0x08000c44                PWR_S3WU_IRQHandler
                0x08000c44                MDF1_FLT2_IRQHandler
                0x08000c44                LPDMA1_Channel3_IRQHandler
                0x08000c44                LPTIM3_IRQHandler
                0x08000c44                EXTI0_IRQHandler
                0x08000c44                I2C2_EV_IRQHandler
                0x08000c44                FPU_IRQHandler
                0x08000c44                GPDMA1_Channel3_IRQHandler
                0x08000c44                GPDMA1_Channel7_IRQHandler
                0x08000c44                MDF1_FLT4_IRQHandler
                0x08000c44                FDCAN1_IT1_IRQHandler
                0x08000c44                RAMCFG_IRQHandler
                0x08000c44                GPDMA1_Channel9_IRQHandler
                0x08000c44                DCACHE1_IRQHandler
                0x08000c44                SPI1_IRQHandler
                0x08000c44                OCTOSPI1_IRQHandler
                0x08000c44                GPDMA1_Channel2_IRQHandler
                0x08000c44                TIM8_UP_IRQHandler
                0x08000c44                RCC_S_IRQHandler
                0x08000c44                OCTOSPI2_IRQHandler
                0x08000c44                SAI2_IRQHandler
                0x08000c44                MDF1_FLT1_IRQHandler
                0x08000c44                ADC1_IRQHandler
                0x08000c44                MDF1_FLT5_IRQHandler
                0x08000c44                EXTI15_IRQHandler
                0x08000c44                TIM17_IRQHandler
                0x08000c44                USART3_IRQHandler
                0x08000c44                RTC_IRQHandler
                0x08000c44                EXTI9_IRQHandler
                0x08000c44                UART5_IRQHandler
                0x08000c44                TIM4_IRQHandler
                0x08000c44                I2C1_EV_IRQHandler
                0x08000c44                GPDMA1_Channel12_IRQHandler
                0x08000c44                GPDMA1_Channel1_IRQHandler
                0x08000c44                TIM16_IRQHandler
                0x08000c44                GPDMA1_Channel15_IRQHandler
                0x08000c44                UART4_IRQHandler
                0x08000c44                SecureFault_Handler
                0x08000c44                TIM3_IRQHandler
                0x08000c44                RCC_IRQHandler
                0x08000c44                TIM1_TRG_COM_IRQHandler
                0x08000c44                Default_Handler
                0x08000c44                GPDMA1_Channel8_IRQHandler
                0x08000c44                FMAC_IRQHandler
                0x08000c44                GPDMA1_Channel11_IRQHandler
                0x08000c44                TIM7_IRQHandler
                0x08000c44                SDMMC1_IRQHandler
                0x08000c44                TIM5_IRQHandler
                0x08000c44                UCPD1_IRQHandler
                0x08000c44                GPDMA1_Channel0_IRQHandler
                0x08000c44                TIM15_IRQHandler
                0x08000c44                I2C3_EV_IRQHandler
                0x08000c44                LPDMA1_Channel0_IRQHandler
                0x08000c44                PVD_PVM_IRQHandler
                0x08000c44                SPI2_IRQHandler
                0x08000c44                LPDMA1_Channel1_IRQHandler
                0x08000c44                EXTI14_IRQHandler
                0x08000c44                EXTI11_IRQHandler
                0x08000c44                CRS_IRQHandler
                0x08000c44                GPDMA1_Channel14_IRQHandler
                0x08000c44                LSECSSD_IRQHandler
                0x08000c44                EXTI4_IRQHandler
                0x08000c44                RTC_S_IRQHandler
                0x08000c44                GPDMA1_Channel13_IRQHandler
                0x08000c44                RNG_IRQHandler
                0x08000c44                COMP_IRQHandler
                0x08000c44                TIM1_UP_IRQHandler
                0x08000c44                ADC4_IRQHandler
                0x08000c44                WWDG_IRQHandler
                0x08000c44                I2C4_EV_IRQHandler
                0x08000c44                ADF1_IRQHandler
                0x08000c44                IWDG_IRQHandler
                0x08000c44                LPUART1_IRQHandler
                0x08000c44                MDF1_FLT0_IRQHandler
                0x08000c44                TIM2_IRQHandler
                0x08000c44                GPDMA1_Channel4_IRQHandler
                0x08000c44                EXTI7_IRQHandler
                0x08000c44                DMA2D_IRQHandler
                0x08000c44                TIM1_BRK_IRQHandler
                0x08000c44                EXTI1_IRQHandler
                0x08000c44                SDMMC2_IRQHandler
                0x08000c44                DAC1_IRQHandler
                0x08000c44                GTZC_IRQHandler
                0x08000c44                MDF1_FLT3_IRQHandler
                0x08000c44                USART2_IRQHandler
                0x08000c44                GPDMA1_Channel6_IRQHandler
                0x08000c44                I2C2_ER_IRQHandler
                0x08000c44                TIM8_BRK_IRQHandler
                0x08000c44                FLASH_IRQHandler
                0x08000c44                USART1_IRQHandler
                0x08000c44                EXTI10_IRQHandler
                0x08000c44                OTG_FS_IRQHandler
                0x08000c44                SPI3_IRQHandler
                0x08000c44                LPDMA1_Channel2_IRQHandler
                0x08000c44                I2C1_ER_IRQHandler
                0x08000c44                FMC_IRQHandler
                0x08000c44                EXTI6_IRQHandler
                0x08000c44                LPTIM1_IRQHandler
                0x08000c44                DCMI_PSSI_IRQHandler
                0x08000c44                I2C4_ER_IRQHandler
                0x08000c44                GPDMA1_Channel10_IRQHandler
                0x08000c44                ICACHE_IRQHandler
                0x08000c44                SAI1_IRQHandler
                0x08000c44                HASH_IRQHandler
 *fill*         0x08000c46        0x2 
 .text.HAL_Init
                0x08000c48       0x60 ./Drivers/STM32U5xx_HAL_Driver/Src/stm32u5xx_hal.o
                0x08000c48                HAL_Init
 .text.HAL_InitTick
                0x08000ca8       0xec ./Drivers/STM32U5xx_HAL_Driver/Src/stm32u5xx_hal.o
                0x08000ca8                HAL_InitTick
 .text.HAL_IncTick
                0x08000d94       0x28 ./Drivers/STM32U5xx_HAL_Driver/Src/stm32u5xx_hal.o
                0x08000d94                HAL_IncTick
 .text.HAL_GetTick
                0x08000dbc       0x18 ./Drivers/STM32U5xx_HAL_Driver/Src/stm32u5xx_hal.o
                0x08000dbc                HAL_GetTick
 .text.__NVIC_SetPriorityGrouping
                0x08000dd4       0x48 ./Drivers/STM32U5xx_HAL_Driver/Src/stm32u5xx_hal_cortex.o
 .text.__NVIC_GetPriorityGrouping
                0x08000e1c       0x1c ./Drivers/STM32U5xx_HAL_Driver/Src/stm32u5xx_hal_cortex.o
 .text.__NVIC_EnableIRQ
                0x08000e38       0x3c ./Drivers/STM32U5xx_HAL_Driver/Src/stm32u5xx_hal_cortex.o
 .text.__NVIC_SetPriority
                0x08000e74       0x54 ./Drivers/STM32U5xx_HAL_Driver/Src/stm32u5xx_hal_cortex.o
 .text.NVIC_EncodePriority
                0x08000ec8       0x66 ./Drivers/STM32U5xx_HAL_Driver/Src/stm32u5xx_hal_cortex.o
 .text.HAL_NVIC_SetPriorityGrouping
                0x08000f2e       0x16 ./Drivers/STM32U5xx_HAL_Driver/Src/stm32u5xx_hal_cortex.o
                0x08000f2e                HAL_NVIC_SetPriorityGrouping
 .text.HAL_NVIC_SetPriority
                0x08000f44       0x34 ./Drivers/STM32U5xx_HAL_Driver/Src/stm32u5xx_hal_cortex.o
                0x08000f44                HAL_NVIC_SetPriority
 .text.HAL_NVIC_EnableIRQ
                0x08000f78       0x1c ./Drivers/STM32U5xx_HAL_Driver/Src/stm32u5xx_hal_cortex.o
                0x08000f78                HAL_NVIC_EnableIRQ
 .text.HAL_SYSTICK_Config
                0x08000f94       0x44 ./Drivers/STM32U5xx_HAL_Driver/Src/stm32u5xx_hal_cortex.o
                0x08000f94                HAL_SYSTICK_Config
 .text.HAL_SYSTICK_CLKSourceConfig
                0x08000fd8       0xb0 ./Drivers/STM32U5xx_HAL_Driver/Src/stm32u5xx_hal_cortex.o
                0x08000fd8                HAL_SYSTICK_CLKSourceConfig
 .text.HAL_SYSTICK_GetCLKSourceConfig
                0x08001088       0x74 ./Drivers/STM32U5xx_HAL_Driver/Src/stm32u5xx_hal_cortex.o
                0x08001088                HAL_SYSTICK_GetCLKSourceConfig
 .text.HAL_FDCAN_Init
                0x080010fc      0x2a4 ./Drivers/STM32U5xx_HAL_Driver/Src/stm32u5xx_hal_fdcan.o
                0x080010fc                HAL_FDCAN_Init
 .text.HAL_FDCAN_ConfigFilter
                0x080013a0       0xb4 ./Drivers/STM32U5xx_HAL_Driver/Src/stm32u5xx_hal_fdcan.o
                0x080013a0                HAL_FDCAN_ConfigFilter
 .text.HAL_FDCAN_Start
                0x08001454       0x50 ./Drivers/STM32U5xx_HAL_Driver/Src/stm32u5xx_hal_fdcan.o
                0x08001454                HAL_FDCAN_Start
 .text.HAL_FDCAN_GetRxMessage
                0x080014a4      0x210 ./Drivers/STM32U5xx_HAL_Driver/Src/stm32u5xx_hal_fdcan.o
                0x080014a4                HAL_FDCAN_GetRxMessage
 .text.HAL_FDCAN_ActivateNotification
                0x080016b4      0x1cc ./Drivers/STM32U5xx_HAL_Driver/Src/stm32u5xx_hal_fdcan.o
                0x080016b4                HAL_FDCAN_ActivateNotification
 .text.HAL_FDCAN_IRQHandler
                0x08001880      0x266 ./Drivers/STM32U5xx_HAL_Driver/Src/stm32u5xx_hal_fdcan.o
                0x08001880                HAL_FDCAN_IRQHandler
 .text.HAL_FDCAN_TxEventFifoCallback
                0x08001ae6       0x16 ./Drivers/STM32U5xx_HAL_Driver/Src/stm32u5xx_hal_fdcan.o
                0x08001ae6                HAL_FDCAN_TxEventFifoCallback
 .text.HAL_FDCAN_RxFifo1Callback
                0x08001afc       0x16 ./Drivers/STM32U5xx_HAL_Driver/Src/stm32u5xx_hal_fdcan.o
                0x08001afc                HAL_FDCAN_RxFifo1Callback
 .text.HAL_FDCAN_TxFifoEmptyCallback
                0x08001b12       0x14 ./Drivers/STM32U5xx_HAL_Driver/Src/stm32u5xx_hal_fdcan.o
                0x08001b12                HAL_FDCAN_TxFifoEmptyCallback
 .text.HAL_FDCAN_TxBufferCompleteCallback
                0x08001b26       0x16 ./Drivers/STM32U5xx_HAL_Driver/Src/stm32u5xx_hal_fdcan.o
                0x08001b26                HAL_FDCAN_TxBufferCompleteCallback
 .text.HAL_FDCAN_TxBufferAbortCallback
                0x08001b3c       0x16 ./Drivers/STM32U5xx_HAL_Driver/Src/stm32u5xx_hal_fdcan.o
                0x08001b3c                HAL_FDCAN_TxBufferAbortCallback
 .text.HAL_FDCAN_TimestampWraparoundCallback
                0x08001b52       0x14 ./Drivers/STM32U5xx_HAL_Driver/Src/stm32u5xx_hal_fdcan.o
                0x08001b52                HAL_FDCAN_TimestampWraparoundCallback
 .text.HAL_FDCAN_TimeoutOccurredCallback
                0x08001b66       0x14 ./Drivers/STM32U5xx_HAL_Driver/Src/stm32u5xx_hal_fdcan.o
                0x08001b66                HAL_FDCAN_TimeoutOccurredCallback
 .text.HAL_FDCAN_HighPriorityMessageCallback
                0x08001b7a       0x14 ./Drivers/STM32U5xx_HAL_Driver/Src/stm32u5xx_hal_fdcan.o
                0x08001b7a                HAL_FDCAN_HighPriorityMessageCallback
 .text.HAL_FDCAN_ErrorCallback
                0x08001b8e       0x14 ./Drivers/STM32U5xx_HAL_Driver/Src/stm32u5xx_hal_fdcan.o
                0x08001b8e                HAL_FDCAN_ErrorCallback
 .text.HAL_FDCAN_ErrorStatusCallback
                0x08001ba2       0x16 ./Drivers/STM32U5xx_HAL_Driver/Src/stm32u5xx_hal_fdcan.o
                0x08001ba2                HAL_FDCAN_ErrorStatusCallback
 .text.FDCAN_CalcultateRamBlockAddresses
                0x08001bb8       0xac ./Drivers/STM32U5xx_HAL_Driver/Src/stm32u5xx_hal_fdcan.o
 .text.HAL_GPIO_Init
                0x08001c64      0x3b0 ./Drivers/STM32U5xx_HAL_Driver/Src/stm32u5xx_hal_gpio.o
                0x08001c64                HAL_GPIO_Init
 .text.HAL_GPIO_WritePin
                0x08002014       0x30 ./Drivers/STM32U5xx_HAL_Driver/Src/stm32u5xx_hal_gpio.o
                0x08002014                HAL_GPIO_WritePin
 .text.HAL_ICACHE_ConfigAssociativityMode
                0x08002044       0x40 ./Drivers/STM32U5xx_HAL_Driver/Src/stm32u5xx_hal_icache.o
                0x08002044                HAL_ICACHE_ConfigAssociativityMode
 .text.HAL_ICACHE_Enable
                0x08002084       0x20 ./Drivers/STM32U5xx_HAL_Driver/Src/stm32u5xx_hal_icache.o
                0x08002084                HAL_ICACHE_Enable
 .text.HAL_PWREx_ControlVoltageScaling
                0x080020a4       0xfc ./Drivers/STM32U5xx_HAL_Driver/Src/stm32u5xx_hal_pwr_ex.o
                0x080020a4                HAL_PWREx_ControlVoltageScaling
 .text.HAL_PWREx_GetVoltageRange
                0x080021a0       0x1c ./Drivers/STM32U5xx_HAL_Driver/Src/stm32u5xx_hal_pwr_ex.o
                0x080021a0                HAL_PWREx_GetVoltageRange
 .text.HAL_RCC_OscConfig
                0x080021bc      0xdb8 ./Drivers/STM32U5xx_HAL_Driver/Src/stm32u5xx_hal_rcc.o
                0x080021bc                HAL_RCC_OscConfig
 .text.HAL_RCC_ClockConfig
                0x08002f74      0x3e4 ./Drivers/STM32U5xx_HAL_Driver/Src/stm32u5xx_hal_rcc.o
                0x08002f74                HAL_RCC_ClockConfig
 .text.HAL_RCC_GetSysClockFreq
                0x08003358      0x20c ./Drivers/STM32U5xx_HAL_Driver/Src/stm32u5xx_hal_rcc.o
                0x08003358                HAL_RCC_GetSysClockFreq
 .text.HAL_RCC_GetHCLKFreq
                0x08003564       0x34 ./Drivers/STM32U5xx_HAL_Driver/Src/stm32u5xx_hal_rcc.o
                0x08003564                HAL_RCC_GetHCLKFreq
 .text.RCC_SetFlashLatencyFromMSIRange
                0x08003598      0x10c ./Drivers/STM32U5xx_HAL_Driver/Src/stm32u5xx_hal_rcc.o
 .text.HAL_RCCEx_PeriphCLKConfig
                0x080036a4      0xb48 ./Drivers/STM32U5xx_HAL_Driver/Src/stm32u5xx_hal_rcc_ex.o
                0x080036a4                HAL_RCCEx_PeriphCLKConfig
 .text.RCCEx_PLL2_Config
                0x080041ec      0x130 ./Drivers/STM32U5xx_HAL_Driver/Src/stm32u5xx_hal_rcc_ex.o
 .text.RCCEx_PLL3_Config
                0x0800431c      0x130 ./Drivers/STM32U5xx_HAL_Driver/Src/stm32u5xx_hal_rcc_ex.o
 .text.HAL_TIM_PWM_Init
                0x0800444c       0xae ./Drivers/STM32U5xx_HAL_Driver/Src/stm32u5xx_hal_tim.o
                0x0800444c                HAL_TIM_PWM_Init
 *fill*         0x080044fa        0x2 
 .text.HAL_TIM_PWM_Start
                0x080044fc      0x2a4 ./Drivers/STM32U5xx_HAL_Driver/Src/stm32u5xx_hal_tim.o
                0x080044fc                HAL_TIM_PWM_Start
 .text.HAL_TIM_PWM_ConfigChannel
                0x080047a0      0x228 ./Drivers/STM32U5xx_HAL_Driver/Src/stm32u5xx_hal_tim.o
                0x080047a0                HAL_TIM_PWM_ConfigChannel
 .text.TIM_Base_SetConfig
                0x080049c8      0x200 ./Drivers/STM32U5xx_HAL_Driver/Src/stm32u5xx_hal_tim.o
                0x080049c8                TIM_Base_SetConfig
 .text.TIM_OC1_SetConfig
                0x08004bc8      0x184 ./Drivers/STM32U5xx_HAL_Driver/Src/stm32u5xx_hal_tim.o
 .text.TIM_OC2_SetConfig
                0x08004d4c      0x160 ./Drivers/STM32U5xx_HAL_Driver/Src/stm32u5xx_hal_tim.o
                0x08004d4c                TIM_OC2_SetConfig
 .text.TIM_OC3_SetConfig
                0x08004eac      0x15c ./Drivers/STM32U5xx_HAL_Driver/Src/stm32u5xx_hal_tim.o
 .text.TIM_OC4_SetConfig
                0x08005008      0x160 ./Drivers/STM32U5xx_HAL_Driver/Src/stm32u5xx_hal_tim.o
 .text.TIM_OC5_SetConfig
                0x08005168      0x104 ./Drivers/STM32U5xx_HAL_Driver/Src/stm32u5xx_hal_tim.o
 .text.TIM_OC6_SetConfig
                0x0800526c      0x108 ./Drivers/STM32U5xx_HAL_Driver/Src/stm32u5xx_hal_tim.o
 .text.TIM_CCxChannelCmd
                0x08005374       0x4a ./Drivers/STM32U5xx_HAL_Driver/Src/stm32u5xx_hal_tim.o
                0x08005374                TIM_CCxChannelCmd
 *fill*         0x080053be        0x2 
 .text.HAL_TIMEx_MasterConfigSynchronization
                0x080053c0      0x184 ./Drivers/STM32U5xx_HAL_Driver/Src/stm32u5xx_hal_tim_ex.o
                0x080053c0                HAL_TIMEx_MasterConfigSynchronization
 .text.memset   0x08005544       0x10 C:/ST/STM32CubeIDE_1.19.0/STM32CubeIDE/plugins/com.st.stm32cube.ide.mcu.externaltools.gnu-tools-for-stm32.13.3.rel1.win32_1.0.0.202411081344/tools/bin/../lib/gcc/arm-none-eabi/13.3.1/../../../../arm-none-eabi/lib/thumb/v8-m.main+fp/hard\libc_nano.a(libc_a-memset.o)
                0x08005544                memset
 .text.__libc_init_array
                0x08005554       0x48 C:/ST/STM32CubeIDE_1.19.0/STM32CubeIDE/plugins/com.st.stm32cube.ide.mcu.externaltools.gnu-tools-for-stm32.13.3.rel1.win32_1.0.0.202411081344/tools/bin/../lib/gcc/arm-none-eabi/13.3.1/../../../../arm-none-eabi/lib/thumb/v8-m.main+fp/hard\libc_nano.a(libc_a-init.o)
                0x08005554                __libc_init_array
 *(.glue_7)
 .glue_7        0x0800559c        0x0 linker stubs
 *(.glue_7t)
 .glue_7t       0x0800559c        0x0 linker stubs
 *(.eh_frame)
 .eh_frame      0x0800559c        0x0 C:/ST/STM32CubeIDE_1.19.0/STM32CubeIDE/plugins/com.st.stm32cube.ide.mcu.externaltools.gnu-tools-for-stm32.13.3.rel1.win32_1.0.0.202411081344/tools/bin/../lib/gcc/arm-none-eabi/13.3.1/thumb/v8-m.main+fp/hard/crtbegin.o
 *(.init)
 .init          0x0800559c        0x4 C:/ST/STM32CubeIDE_1.19.0/STM32CubeIDE/plugins/com.st.stm32cube.ide.mcu.externaltools.gnu-tools-for-stm32.13.3.rel1.win32_1.0.0.202411081344/tools/bin/../lib/gcc/arm-none-eabi/13.3.1/thumb/v8-m.main+fp/hard/crti.o
                0x0800559c                _init
 .init          0x080055a0        0x8 C:/ST/STM32CubeIDE_1.19.0/STM32CubeIDE/plugins/com.st.stm32cube.ide.mcu.externaltools.gnu-tools-for-stm32.13.3.rel1.win32_1.0.0.202411081344/tools/bin/../lib/gcc/arm-none-eabi/13.3.1/thumb/v8-m.main+fp/hard/crtn.o
 *(.fini)
 .fini          0x080055a8        0x4 C:/ST/STM32CubeIDE_1.19.0/STM32CubeIDE/plugins/com.st.stm32cube.ide.mcu.externaltools.gnu-tools-for-stm32.13.3.rel1.win32_1.0.0.202411081344/tools/bin/../lib/gcc/arm-none-eabi/13.3.1/thumb/v8-m.main+fp/hard/crti.o
                0x080055a8                _fini
 .fini          0x080055ac        0x8 C:/ST/STM32CubeIDE_1.19.0/STM32CubeIDE/plugins/com.st.stm32cube.ide.mcu.externaltools.gnu-tools-for-stm32.13.3.rel1.win32_1.0.0.202411081344/tools/bin/../lib/gcc/arm-none-eabi/13.3.1/thumb/v8-m.main+fp/hard/crtn.o
                0x080055b4                        _etext = .

.vfp11_veneer   0x080055b4        0x0
 .vfp11_veneer  0x080055b4        0x0 linker stubs

.v4_bx          0x080055b4        0x0
 .v4_bx         0x080055b4        0x0 linker stubs

.iplt           0x080055b4        0x0
 .iplt          0x080055b4        0x0 C:/ST/STM32CubeIDE_1.19.0/STM32CubeIDE/plugins/com.st.stm32cube.ide.mcu.externaltools.gnu-tools-for-stm32.13.3.rel1.win32_1.0.0.202411081344/tools/bin/../lib/gcc/arm-none-eabi/13.3.1/thumb/v8-m.main+fp/hard/crtbegin.o

.rodata         0x080055b4       0xe0
 *(.rodata)
 *(.rodata*)
 .rodata.AHBPrescTable
                0x080055b4       0x10 ./Core/Src/system_stm32u5xx.o
                0x080055b4                AHBPrescTable
 .rodata.MSIRangeTable
                0x080055c4       0x40 ./Core/Src/system_stm32u5xx.o
                0x080055c4                MSIRangeTable
 .rodata.DLCtoBytes
                0x08005604       0x10 ./Drivers/STM32U5xx_HAL_Driver/Src/stm32u5xx_hal_fdcan.o
 .rodata.LPGPIO_Map
                0x08005614       0x80 ./Drivers/STM32U5xx_HAL_Driver/Src/stm32u5xx_hal_gpio.o

.ARM.extab
 *(.ARM.extab* .gnu.linkonce.armextab.*)

.ARM            0x08005694        0x0
                0x08005694                        __exidx_start = .
 *(.ARM.exidx*)
                0x08005694                        __exidx_end = .

.preinit_array  0x08005694        0x0
                0x08005694                        PROVIDE (__preinit_array_start = .)
 *(.preinit_array*)
                0x08005694                        PROVIDE (__preinit_array_end = .)

.init_array     0x08005694        0x4
                0x08005694                        PROVIDE (__init_array_start = .)
 *(SORT_BY_NAME(.init_array.*))
 *(.init_array*)
 .init_array    0x08005694        0x4 C:/ST/STM32CubeIDE_1.19.0/STM32CubeIDE/plugins/com.st.stm32cube.ide.mcu.externaltools.gnu-tools-for-stm32.13.3.rel1.win32_1.0.0.202411081344/tools/bin/../lib/gcc/arm-none-eabi/13.3.1/thumb/v8-m.main+fp/hard/crtbegin.o
                0x08005698                        PROVIDE (__init_array_end = .)

.fini_array     0x08005698        0x4
                [!provide]                        PROVIDE (__fini_array_start = .)
 *(SORT_BY_NAME(.fini_array.*))
 *(.fini_array*)
 .fini_array    0x08005698        0x4 C:/ST/STM32CubeIDE_1.19.0/STM32CubeIDE/plugins/com.st.stm32cube.ide.mcu.externaltools.gnu-tools-for-stm32.13.3.rel1.win32_1.0.0.202411081344/tools/bin/../lib/gcc/arm-none-eabi/13.3.1/thumb/v8-m.main+fp/hard/crtbegin.o
                [!provide]                        PROVIDE (__fini_array_end = .)
                0x0800569c                        _sidata = LOADADDR (.data)

.rel.dyn        0x0800569c        0x0
 .rel.iplt      0x0800569c        0x0 C:/ST/STM32CubeIDE_1.19.0/STM32CubeIDE/plugins/com.st.stm32cube.ide.mcu.externaltools.gnu-tools-for-stm32.13.3.rel1.win32_1.0.0.202411081344/tools/bin/../lib/gcc/arm-none-eabi/13.3.1/thumb/v8-m.main+fp/hard/crtbegin.o

.data           0x20000000        0x9 load address 0x0800569c
                0x20000000                        _sdata = .
 *(.data)
 *(.data*)
 .data.SystemCoreClock
                0x20000000        0x4 ./Core/Src/system_stm32u5xx.o
                0x20000000                SystemCoreClock
 .data.uwTickPrio
                0x20000004        0x4 ./Drivers/STM32U5xx_HAL_Driver/Src/stm32u5xx_hal.o
                0x20000004                uwTickPrio
 .data.uwTickFreq
                0x20000008        0x1 ./Drivers/STM32U5xx_HAL_Driver/Src/stm32u5xx_hal.o
                0x20000008                uwTickFreq
 *(.RamFunc)
 *(.RamFunc*)
                0x20000009                        _edata = .

.igot.plt       0x2000000c        0x0 load address 0x080056a5
 .igot.plt      0x2000000c        0x0 C:/ST/STM32CubeIDE_1.19.0/STM32CubeIDE/plugins/com.st.stm32cube.ide.mcu.externaltools.gnu-tools-for-stm32.13.3.rel1.win32_1.0.0.202411081344/tools/bin/../lib/gcc/arm-none-eabi/13.3.1/thumb/v8-m.main+fp/hard/crtbegin.o

.bss            0x2000000c       0xfc load address 0x080056a5
                0x2000000c                        _sbss = .
                0x2000000c                        __bss_start__ = _sbss
 *(.bss)
 .bss           0x2000000c       0x1c C:/ST/STM32CubeIDE_1.19.0/STM32CubeIDE/plugins/com.st.stm32cube.ide.mcu.externaltools.gnu-tools-for-stm32.13.3.rel1.win32_1.0.0.202411081344/tools/bin/../lib/gcc/arm-none-eabi/13.3.1/thumb/v8-m.main+fp/hard/crtbegin.o
 *(.bss*)
 .bss.hfdcan1   0x20000028       0x64 ./Core/Src/main.o
                0x20000028                hfdcan1
 .bss.htim3     0x2000008c       0x4c ./Core/Src/main.o
                0x2000008c                htim3
 .bss.TxHeader  0x200000d8       0x24 ./Core/Src/main.o
                0x200000d8                TxHeader
 .bss.servoZeroRequested
                0x200000fc        0x1 ./Core/Src/main.o
                0x200000fc                servoZeroRequested
 .bss.servoRotateRequested
                0x200000fd        0x1 ./Core/Src/main.o
                0x200000fd                servoRotateRequested
 *fill*         0x200000fe        0x2 
 .bss.servoAngle
                0x20000100        0x4 ./Core/Src/main.o
                0x20000100                servoAngle
 .bss.uwTick    0x20000104        0x4 ./Drivers/STM32U5xx_HAL_Driver/Src/stm32u5xx_hal.o
                0x20000104                uwTick
 *(COMMON)
                0x20000108                        _ebss = .
                0x20000108                        __bss_end__ = _ebss

._user_heap_stack
                0x20000108      0x600 load address 0x080056a5
                0x20000108                        . = ALIGN (0x8)
                [!provide]                        PROVIDE (end = .)
                0x20000108                        PROVIDE (_end = .)
                0x20000308                        . = (. + _Min_Heap_Size)
 *fill*         0x20000108      0x200 
                0x20000708                        . = (. + _Min_Stack_Size)
 *fill*         0x20000308      0x400 
                0x20000708                        . = ALIGN (0x8)

/DISCARD/
 libc.a(*)
 libm.a(*)
 libgcc.a(*)

.ARM.attributes
                0x00000000       0x36
 *(.ARM.attributes)
 .ARM.attributes
                0x00000000       0x26 C:/ST/STM32CubeIDE_1.19.0/STM32CubeIDE/plugins/com.st.stm32cube.ide.mcu.externaltools.gnu-tools-for-stm32.13.3.rel1.win32_1.0.0.202411081344/tools/bin/../lib/gcc/arm-none-eabi/13.3.1/thumb/v8-m.main+fp/hard/crti.o
 .ARM.attributes
                0x00000026       0x38 C:/ST/STM32CubeIDE_1.19.0/STM32CubeIDE/plugins/com.st.stm32cube.ide.mcu.externaltools.gnu-tools-for-stm32.13.3.rel1.win32_1.0.0.202411081344/tools/bin/../lib/gcc/arm-none-eabi/13.3.1/thumb/v8-m.main+fp/hard/crtbegin.o
 .ARM.attributes
                0x0000005e       0x3a ./Core/Src/main.o
 .ARM.attributes
                0x00000098       0x3a ./Core/Src/stm32u5xx_hal_msp.o
 .ARM.attributes
                0x000000d2       0x3a ./Core/Src/stm32u5xx_it.o
 .ARM.attributes
                0x0000010c       0x3a ./Core/Src/system_stm32u5xx.o
 .ARM.attributes
                0x00000146       0x24 ./Core/Startup/startup_stm32u575cgtx.o
 .ARM.attributes
                0x0000016a       0x3a ./Drivers/STM32U5xx_HAL_Driver/Src/stm32u5xx_hal.o
 .ARM.attributes
                0x000001a4       0x3a ./Drivers/STM32U5xx_HAL_Driver/Src/stm32u5xx_hal_cortex.o
 .ARM.attributes
                0x000001de       0x3a ./Drivers/STM32U5xx_HAL_Driver/Src/stm32u5xx_hal_fdcan.o
 .ARM.attributes
                0x00000218       0x3a ./Drivers/STM32U5xx_HAL_Driver/Src/stm32u5xx_hal_gpio.o
 .ARM.attributes
                0x00000252       0x3a ./Drivers/STM32U5xx_HAL_Driver/Src/stm32u5xx_hal_icache.o
 .ARM.attributes
                0x0000028c       0x3a ./Drivers/STM32U5xx_HAL_Driver/Src/stm32u5xx_hal_pwr_ex.o
 .ARM.attributes
                0x000002c6       0x3a ./Drivers/STM32U5xx_HAL_Driver/Src/stm32u5xx_hal_rcc.o
 .ARM.attributes
                0x00000300       0x3a ./Drivers/STM32U5xx_HAL_Driver/Src/stm32u5xx_hal_rcc_ex.o
 .ARM.attributes
                0x0000033a       0x3a ./Drivers/STM32U5xx_HAL_Driver/Src/stm32u5xx_hal_tim.o
 .ARM.attributes
                0x00000374       0x3a ./Drivers/STM32U5xx_HAL_Driver/Src/stm32u5xx_hal_tim_ex.o
 .ARM.attributes
                0x000003ae       0x38 C:/ST/STM32CubeIDE_1.19.0/STM32CubeIDE/plugins/com.st.stm32cube.ide.mcu.externaltools.gnu-tools-for-stm32.13.3.rel1.win32_1.0.0.202411081344/tools/bin/../lib/gcc/arm-none-eabi/13.3.1/../../../../arm-none-eabi/lib/thumb/v8-m.main+fp/hard\libc_nano.a(libc_a-memset.o)
 .ARM.attributes
                0x000003e6       0x38 C:/ST/STM32CubeIDE_1.19.0/STM32CubeIDE/plugins/com.st.stm32cube.ide.mcu.externaltools.gnu-tools-for-stm32.13.3.rel1.win32_1.0.0.202411081344/tools/bin/../lib/gcc/arm-none-eabi/13.3.1/../../../../arm-none-eabi/lib/thumb/v8-m.main+fp/hard\libc_nano.a(libc_a-init.o)
 .ARM.attributes
                0x0000041e       0x26 C:/ST/STM32CubeIDE_1.19.0/STM32CubeIDE/plugins/com.st.stm32cube.ide.mcu.externaltools.gnu-tools-for-stm32.13.3.rel1.win32_1.0.0.202411081344/tools/bin/../lib/gcc/arm-none-eabi/13.3.1/thumb/v8-m.main+fp/hard/crtn.o
OUTPUT(FAFNIR.elf elf32-littlearm)
LOAD linker stubs
LOAD C:/ST/STM32CubeIDE_1.19.0/STM32CubeIDE/plugins/com.st.stm32cube.ide.mcu.externaltools.gnu-tools-for-stm32.13.3.rel1.win32_1.0.0.202411081344/tools/bin/../lib/gcc/arm-none-eabi/13.3.1/../../../../arm-none-eabi/lib/thumb/v8-m.main+fp/hard\libc.a
LOAD C:/ST/STM32CubeIDE_1.19.0/STM32CubeIDE/plugins/com.st.stm32cube.ide.mcu.externaltools.gnu-tools-for-stm32.13.3.rel1.win32_1.0.0.202411081344/tools/bin/../lib/gcc/arm-none-eabi/13.3.1/../../../../arm-none-eabi/lib/thumb/v8-m.main+fp/hard\libm.a
LOAD C:/ST/STM32CubeIDE_1.19.0/STM32CubeIDE/plugins/com.st.stm32cube.ide.mcu.externaltools.gnu-tools-for-stm32.13.3.rel1.win32_1.0.0.202411081344/tools/bin/../lib/gcc/arm-none-eabi/13.3.1/thumb/v8-m.main+fp/hard\libgcc.a

.debug_info     0x00000000    0x12024
 .debug_info    0x00000000     0x20b7 ./Core/Src/main.o
 .debug_info    0x000020b7     0x1a9e ./Core/Src/stm32u5xx_hal_msp.o
 .debug_info    0x00003b55      0x62f ./Core/Src/stm32u5xx_it.o
 .debug_info    0x00004184      0x929 ./Core/Src/system_stm32u5xx.o
 .debug_info    0x00004aad       0x30 ./Core/Startup/startup_stm32u575cgtx.o
 .debug_info    0x00004add     0x11dd ./Drivers/STM32U5xx_HAL_Driver/Src/stm32u5xx_hal.o
 .debug_info    0x00005cba     0x163a ./Drivers/STM32U5xx_HAL_Driver/Src/stm32u5xx_hal_cortex.o
 .debug_info    0x000072f4     0x1920 ./Drivers/STM32U5xx_HAL_Driver/Src/stm32u5xx_hal_fdcan.o
 .debug_info    0x00008c14      0x859 ./Drivers/STM32U5xx_HAL_Driver/Src/stm32u5xx_hal_gpio.o
 .debug_info    0x0000946d      0x4d6 ./Drivers/STM32U5xx_HAL_Driver/Src/stm32u5xx_hal_icache.o
 .debug_info    0x00009943      0xe3e ./Drivers/STM32U5xx_HAL_Driver/Src/stm32u5xx_hal_pwr_ex.o
 .debug_info    0x0000a781     0x11f0 ./Drivers/STM32U5xx_HAL_Driver/Src/stm32u5xx_hal_rcc.o
 .debug_info    0x0000b971     0x157f ./Drivers/STM32U5xx_HAL_Driver/Src/stm32u5xx_hal_rcc_ex.o
 .debug_info    0x0000cef0     0x2e54 ./Drivers/STM32U5xx_HAL_Driver/Src/stm32u5xx_hal_tim.o
 .debug_info    0x0000fd44     0x22e0 ./Drivers/STM32U5xx_HAL_Driver/Src/stm32u5xx_hal_tim_ex.o

.debug_abbrev   0x00000000     0x21a7
 .debug_abbrev  0x00000000      0x3cc ./Core/Src/main.o
 .debug_abbrev  0x000003cc      0x241 ./Core/Src/stm32u5xx_hal_msp.o
 .debug_abbrev  0x0000060d      0x15a ./Core/Src/stm32u5xx_it.o
 .debug_abbrev  0x00000767      0x129 ./Core/Src/system_stm32u5xx.o
 .debug_abbrev  0x00000890       0x24 ./Core/Startup/startup_stm32u575cgtx.o
 .debug_abbrev  0x000008b4      0x2a5 ./Drivers/STM32U5xx_HAL_Driver/Src/stm32u5xx_hal.o
 .debug_abbrev  0x00000b59      0x311 ./Drivers/STM32U5xx_HAL_Driver/Src/stm32u5xx_hal_cortex.o
 .debug_abbrev  0x00000e6a      0x20b ./Drivers/STM32U5xx_HAL_Driver/Src/stm32u5xx_hal_fdcan.o
 .debug_abbrev  0x00001075      0x25a ./Drivers/STM32U5xx_HAL_Driver/Src/stm32u5xx_hal_gpio.o
 .debug_abbrev  0x000012cf      0x228 ./Drivers/STM32U5xx_HAL_Driver/Src/stm32u5xx_hal_icache.o
 .debug_abbrev  0x000014f7      0x215 ./Drivers/STM32U5xx_HAL_Driver/Src/stm32u5xx_hal_pwr_ex.o
 .debug_abbrev  0x0000170c      0x2cb ./Drivers/STM32U5xx_HAL_Driver/Src/stm32u5xx_hal_rcc.o
 .debug_abbrev  0x000019d7      0x23d ./Drivers/STM32U5xx_HAL_Driver/Src/stm32u5xx_hal_rcc_ex.o
 .debug_abbrev  0x00001c14      0x2bd ./Drivers/STM32U5xx_HAL_Driver/Src/stm32u5xx_hal_tim.o
 .debug_abbrev  0x00001ed1      0x2d6 ./Drivers/STM32U5xx_HAL_Driver/Src/stm32u5xx_hal_tim_ex.o

.debug_aranges  0x00000000     0x1180
 .debug_aranges
                0x00000000       0x90 ./Core/Src/main.o
 .debug_aranges
                0x00000090       0x48 ./Core/Src/stm32u5xx_hal_msp.o
 .debug_aranges
                0x000000d8       0x68 ./Core/Src/stm32u5xx_it.o
 .debug_aranges
                0x00000140       0x28 ./Core/Src/system_stm32u5xx.o
 .debug_aranges
                0x00000168       0x28 ./Core/Startup/startup_stm32u575cgtx.o
 .debug_aranges
                0x00000190      0x148 ./Drivers/STM32U5xx_HAL_Driver/Src/stm32u5xx_hal.o
 .debug_aranges
                0x000002d8      0x140 ./Drivers/STM32U5xx_HAL_Driver/Src/stm32u5xx_hal_cortex.o
 .debug_aranges
                0x00000418      0x208 ./Drivers/STM32U5xx_HAL_Driver/Src/stm32u5xx_hal_fdcan.o
 .debug_aranges
                0x00000620       0x78 ./Drivers/STM32U5xx_HAL_Driver/Src/stm32u5xx_hal_gpio.o
 .debug_aranges
                0x00000698       0xa8 ./Drivers/STM32U5xx_HAL_Driver/Src/stm32u5xx_hal_icache.o
 .debug_aranges
                0x00000740      0x200 ./Drivers/STM32U5xx_HAL_Driver/Src/stm32u5xx_hal_pwr_ex.o
 .debug_aranges
                0x00000940       0xa8 ./Drivers/STM32U5xx_HAL_Driver/Src/stm32u5xx_hal_rcc.o
 .debug_aranges
                0x000009e8      0x160 ./Drivers/STM32U5xx_HAL_Driver/Src/stm32u5xx_hal_rcc_ex.o
 .debug_aranges
                0x00000b48      0x3e8 ./Drivers/STM32U5xx_HAL_Driver/Src/stm32u5xx_hal_tim.o
 .debug_aranges
                0x00000f30      0x250 ./Drivers/STM32U5xx_HAL_Driver/Src/stm32u5xx_hal_tim_ex.o

.debug_rnglists
                0x00000000      0xd7c
 .debug_rnglists
                0x00000000       0x70 ./Core/Src/main.o
 .debug_rnglists
                0x00000070       0x32 ./Core/Src/stm32u5xx_hal_msp.o
 .debug_rnglists
                0x000000a2       0x49 ./Core/Src/stm32u5xx_it.o
 .debug_rnglists
                0x000000eb       0x1a ./Core/Src/system_stm32u5xx.o
 .debug_rnglists
                0x00000105       0x19 ./Core/Startup/startup_stm32u575cgtx.o
 .debug_rnglists
                0x0000011e       0xf3 ./Drivers/STM32U5xx_HAL_Driver/Src/stm32u5xx_hal.o
 .debug_rnglists
                0x00000211       0xec ./Drivers/STM32U5xx_HAL_Driver/Src/stm32u5xx_hal_cortex.o
 .debug_rnglists
                0x000002fd      0x18d ./Drivers/STM32U5xx_HAL_Driver/Src/stm32u5xx_hal_fdcan.o
 .debug_rnglists
                0x0000048a       0x5a ./Drivers/STM32U5xx_HAL_Driver/Src/stm32u5xx_hal_gpio.o
 .debug_rnglists
                0x000004e4       0x7a ./Drivers/STM32U5xx_HAL_Driver/Src/stm32u5xx_hal_icache.o
 .debug_rnglists
                0x0000055e      0x186 ./Drivers/STM32U5xx_HAL_Driver/Src/stm32u5xx_hal_pwr_ex.o
 .debug_rnglists
                0x000006e4       0x7f ./Drivers/STM32U5xx_HAL_Driver/Src/stm32u5xx_hal_rcc.o
 .debug_rnglists
                0x00000763      0x113 ./Drivers/STM32U5xx_HAL_Driver/Src/stm32u5xx_hal_rcc_ex.o
 .debug_rnglists
                0x00000876      0x32e ./Drivers/STM32U5xx_HAL_Driver/Src/stm32u5xx_hal_tim.o
 .debug_rnglists
                0x00000ba4      0x1d8 ./Drivers/STM32U5xx_HAL_Driver/Src/stm32u5xx_hal_tim_ex.o

.debug_macro    0x00000000    0x31fe8
 .debug_macro   0x00000000      0x2b9 ./Core/Src/main.o
 .debug_macro   0x000002b9      0xade ./Core/Src/main.o
 .debug_macro   0x00000d97      0x201 ./Core/Src/main.o
 .debug_macro   0x00000f98       0x2e ./Core/Src/main.o
 .debug_macro   0x00000fc6       0x42 ./Core/Src/main.o
 .debug_macro   0x00001008       0x22 ./Core/Src/main.o
 .debug_macro   0x0000102a       0x8e ./Core/Src/main.o
 .debug_macro   0x000010b8       0x51 ./Core/Src/main.o
 .debug_macro   0x00001109      0x103 ./Core/Src/main.o
 .debug_macro   0x0000120c       0x6a ./Core/Src/main.o
 .debug_macro   0x00001276      0x1df ./Core/Src/main.o
 .debug_macro   0x00001455       0x1c ./Core/Src/main.o
 .debug_macro   0x00001471       0x29 ./Core/Src/main.o
 .debug_macro   0x0000149a       0xfb ./Core/Src/main.o
 .debug_macro   0x00001595     0x1685 ./Core/Src/main.o
 .debug_macro   0x00002c1a       0x5e ./Core/Src/main.o
 .debug_macro   0x00002c78    0x2279e ./Core/Src/main.o
 .debug_macro   0x00025416       0x6d ./Core/Src/main.o
 .debug_macro   0x00025483     0x393e ./Core/Src/main.o
 .debug_macro   0x00028dc1      0x190 ./Core/Src/main.o
 .debug_macro   0x00028f51       0x61 ./Core/Src/main.o
 .debug_macro   0x00028fb2       0x2a ./Core/Src/main.o
 .debug_macro   0x00028fdc       0x43 ./Core/Src/main.o
 .debug_macro   0x0002901f       0x34 ./Core/Src/main.o
 .debug_macro   0x00029053      0x370 ./Core/Src/main.o
 .debug_macro   0x000293c3       0x16 ./Core/Src/main.o
 .debug_macro   0x000293d9       0x4a ./Core/Src/main.o
 .debug_macro   0x00029423       0x34 ./Core/Src/main.o
 .debug_macro   0x00029457       0x10 ./Core/Src/main.o
 .debug_macro   0x00029467       0x58 ./Core/Src/main.o
 .debug_macro   0x000294bf       0x8e ./Core/Src/main.o
 .debug_macro   0x0002954d       0x1c ./Core/Src/main.o
 .debug_macro   0x00029569      0x185 ./Core/Src/main.o
 .debug_macro   0x000296ee      0x19b ./Core/Src/main.o
 .debug_macro   0x00029889       0x5d ./Core/Src/main.o
 .debug_macro   0x000298e6     0x1ae5 ./Core/Src/main.o
 .debug_macro   0x0002b3cb      0x7dc ./Core/Src/main.o
 .debug_macro   0x0002bba7      0x166 ./Core/Src/main.o
 .debug_macro   0x0002bd0d      0x2aa ./Core/Src/main.o
 .debug_macro   0x0002bfb7       0xc9 ./Core/Src/main.o
 .debug_macro   0x0002c080      0x5a5 ./Core/Src/main.o
 .debug_macro   0x0002c625      0x439 ./Core/Src/main.o
 .debug_macro   0x0002ca5e       0xd6 ./Core/Src/main.o
 .debug_macro   0x0002cb34      0x1cd ./Core/Src/main.o
 .debug_macro   0x0002cd01      0x432 ./Core/Src/main.o
 .debug_macro   0x0002d133       0x95 ./Core/Src/main.o
 .debug_macro   0x0002d1c8      0x11c ./Core/Src/main.o
 .debug_macro   0x0002d2e4      0x525 ./Core/Src/main.o
 .debug_macro   0x0002d809      0x4bf ./Core/Src/main.o
 .debug_macro   0x0002dcc8      0xbcc ./Core/Src/main.o
 .debug_macro   0x0002e894      0x4ea ./Core/Src/main.o
 .debug_macro   0x0002ed7e      0x1c0 ./Core/Src/main.o
 .debug_macro   0x0002ef3e      0x6bd ./Core/Src/main.o
 .debug_macro   0x0002f5fb      0x361 ./Core/Src/main.o
 .debug_macro   0x0002f95c       0x1c ./Core/Src/main.o
 .debug_macro   0x0002f978       0x3c ./Core/Src/main.o
 .debug_macro   0x0002f9b4       0x10 ./Core/Src/main.o
 .debug_macro   0x0002f9c4       0x1c ./Core/Src/main.o
 .debug_macro   0x0002f9e0       0x16 ./Core/Src/main.o
 .debug_macro   0x0002f9f6      0x146 ./Core/Src/main.o
 .debug_macro   0x0002fb3c       0x22 ./Core/Src/main.o
 .debug_macro   0x0002fb5e       0x52 ./Core/Src/main.o
 .debug_macro   0x0002fbb0      0x2b9 ./Core/Src/stm32u5xx_hal_msp.o
 .debug_macro   0x0002fe69      0x2c3 ./Core/Src/stm32u5xx_it.o
 .debug_macro   0x0003012c      0x274 ./Core/Src/system_stm32u5xx.o
 .debug_macro   0x000303a0      0x291 ./Drivers/STM32U5xx_HAL_Driver/Src/stm32u5xx_hal.o
 .debug_macro   0x00030631      0x26d ./Drivers/STM32U5xx_HAL_Driver/Src/stm32u5xx_hal_cortex.o
 .debug_macro   0x0003089e      0x37f ./Drivers/STM32U5xx_HAL_Driver/Src/stm32u5xx_hal_fdcan.o
 .debug_macro   0x00030c1d      0x2a2 ./Drivers/STM32U5xx_HAL_Driver/Src/stm32u5xx_hal_gpio.o
 .debug_macro   0x00030ebf      0x29f ./Drivers/STM32U5xx_HAL_Driver/Src/stm32u5xx_hal_icache.o
 .debug_macro   0x0003115e      0x298 ./Drivers/STM32U5xx_HAL_Driver/Src/stm32u5xx_hal_pwr_ex.o
 .debug_macro   0x000313f6      0x373 ./Drivers/STM32U5xx_HAL_Driver/Src/stm32u5xx_hal_rcc.o
 .debug_macro   0x00031769      0x397 ./Drivers/STM32U5xx_HAL_Driver/Src/stm32u5xx_hal_rcc_ex.o
 .debug_macro   0x00031b00      0x275 ./Drivers/STM32U5xx_HAL_Driver/Src/stm32u5xx_hal_tim.o
 .debug_macro   0x00031d75      0x273 ./Drivers/STM32U5xx_HAL_Driver/Src/stm32u5xx_hal_tim_ex.o

.debug_line     0x00000000    0x12e2b
 .debug_line    0x00000000      0xd0e ./Core/Src/main.o
 .debug_line    0x00000d0e      0x976 ./Core/Src/stm32u5xx_hal_msp.o
 .debug_line    0x00001684      0x970 ./Core/Src/stm32u5xx_it.o
 .debug_line    0x00001ff4      0x97e ./Core/Src/system_stm32u5xx.o
 .debug_line    0x00002972       0x79 ./Core/Startup/startup_stm32u575cgtx.o
 .debug_line    0x000029eb      0xd1d ./Drivers/STM32U5xx_HAL_Driver/Src/stm32u5xx_hal.o
 .debug_line    0x00003708      0xecd ./Drivers/STM32U5xx_HAL_Driver/Src/stm32u5xx_hal_cortex.o
 .debug_line    0x000045d5     0x19ec ./Drivers/STM32U5xx_HAL_Driver/Src/stm32u5xx_hal_fdcan.o
 .debug_line    0x00005fc1      0xe1c ./Drivers/STM32U5xx_HAL_Driver/Src/stm32u5xx_hal_gpio.o
 .debug_line    0x00006ddd      0xb70 ./Drivers/STM32U5xx_HAL_Driver/Src/stm32u5xx_hal_icache.o
 .debug_line    0x0000794d     0x11f8 ./Drivers/STM32U5xx_HAL_Driver/Src/stm32u5xx_hal_pwr_ex.o
 .debug_line    0x00008b45     0x170b ./Drivers/STM32U5xx_HAL_Driver/Src/stm32u5xx_hal_rcc.o
 .debug_line    0x0000a250     0x2332 ./Drivers/STM32U5xx_HAL_Driver/Src/stm32u5xx_hal_rcc_ex.o
 .debug_line    0x0000c582     0x45d7 ./Drivers/STM32U5xx_HAL_Driver/Src/stm32u5xx_hal_tim.o
 .debug_line    0x00010b59     0x22d2 ./Drivers/STM32U5xx_HAL_Driver/Src/stm32u5xx_hal_tim_ex.o

.debug_str      0x00000000   0x141fc8
 .debug_str     0x00000000   0x141fc8 ./Core/Src/main.o
                             0x13a5cf (size before relaxing)
 .debug_str     0x00141fc8   0x13a2dd ./Core/Src/stm32u5xx_hal_msp.o
 .debug_str     0x00141fc8   0x138f44 ./Core/Src/stm32u5xx_it.o
 .debug_str     0x00141fc8   0x138745 ./Core/Src/system_stm32u5xx.o
 .debug_str     0x00141fc8       0x73 ./Core/Startup/startup_stm32u575cgtx.o
 .debug_str     0x00141fc8   0x1395aa ./Drivers/STM32U5xx_HAL_Driver/Src/stm32u5xx_hal.o
 .debug_str     0x00141fc8   0x13938a ./Drivers/STM32U5xx_HAL_Driver/Src/stm32u5xx_hal_cortex.o
 .debug_str     0x00141fc8   0x139b39 ./Drivers/STM32U5xx_HAL_Driver/Src/stm32u5xx_hal_fdcan.o
 .debug_str     0x00141fc8   0x13876a ./Drivers/STM32U5xx_HAL_Driver/Src/stm32u5xx_hal_gpio.o
 .debug_str     0x00141fc8   0x138a67 ./Drivers/STM32U5xx_HAL_Driver/Src/stm32u5xx_hal_icache.o
 .debug_str     0x00141fc8   0x138e85 ./Drivers/STM32U5xx_HAL_Driver/Src/stm32u5xx_hal_pwr_ex.o
 .debug_str     0x00141fc8   0x139e3a ./Drivers/STM32U5xx_HAL_Driver/Src/stm32u5xx_hal_rcc.o
 .debug_str     0x00141fc8   0x13b09d ./Drivers/STM32U5xx_HAL_Driver/Src/stm32u5xx_hal_rcc_ex.o
 .debug_str     0x00141fc8   0x139b88 ./Drivers/STM32U5xx_HAL_Driver/Src/stm32u5xx_hal_tim.o
 .debug_str     0x00141fc8   0x139a00 ./Drivers/STM32U5xx_HAL_Driver/Src/stm32u5xx_hal_tim_ex.o

.comment        0x00000000       0x43
 .comment       0x00000000       0x43 ./Core/Src/main.o
                                 0x44 (size before relaxing)
 .comment       0x00000043       0x44 ./Core/Src/stm32u5xx_hal_msp.o
 .comment       0x00000043       0x44 ./Core/Src/stm32u5xx_it.o
 .comment       0x00000043       0x44 ./Core/Src/system_stm32u5xx.o
 .comment       0x00000043       0x44 ./Drivers/STM32U5xx_HAL_Driver/Src/stm32u5xx_hal.o
 .comment       0x00000043       0x44 ./Drivers/STM32U5xx_HAL_Driver/Src/stm32u5xx_hal_cortex.o
 .comment       0x00000043       0x44 ./Drivers/STM32U5xx_HAL_Driver/Src/stm32u5xx_hal_fdcan.o
 .comment       0x00000043       0x44 ./Drivers/STM32U5xx_HAL_Driver/Src/stm32u5xx_hal_gpio.o
 .comment       0x00000043       0x44 ./Drivers/STM32U5xx_HAL_Driver/Src/stm32u5xx_hal_icache.o
 .comment       0x00000043       0x44 ./Drivers/STM32U5xx_HAL_Driver/Src/stm32u5xx_hal_pwr_ex.o
 .comment       0x00000043       0x44 ./Drivers/STM32U5xx_HAL_Driver/Src/stm32u5xx_hal_rcc.o
 .comment       0x00000043       0x44 ./Drivers/STM32U5xx_HAL_Driver/Src/stm32u5xx_hal_rcc_ex.o
 .comment       0x00000043       0x44 ./Drivers/STM32U5xx_HAL_Driver/Src/stm32u5xx_hal_tim.o
 .comment       0x00000043       0x44 ./Drivers/STM32U5xx_HAL_Driver/Src/stm32u5xx_hal_tim_ex.o

.debug_frame    0x00000000     0x4b38
 .debug_frame   0x00000000      0x210 ./Core/Src/main.o
 .debug_frame   0x00000210       0xf8 ./Core/Src/stm32u5xx_hal_msp.o
 .debug_frame   0x00000308      0x120 ./Core/Src/stm32u5xx_it.o
 .debug_frame   0x00000428       0x58 ./Core/Src/system_stm32u5xx.o
 .debug_frame   0x00000480      0x500 ./Drivers/STM32U5xx_HAL_Driver/Src/stm32u5xx_hal.o
 .debug_frame   0x00000980      0x560 ./Drivers/STM32U5xx_HAL_Driver/Src/stm32u5xx_hal_cortex.o
 .debug_frame   0x00000ee0      0x9b0 ./Drivers/STM32U5xx_HAL_Driver/Src/stm32u5xx_hal_fdcan.o
 .debug_frame   0x00001890      0x1ec ./Drivers/STM32U5xx_HAL_Driver/Src/stm32u5xx_hal_gpio.o
 .debug_frame   0x00001a7c      0x298 ./Drivers/STM32U5xx_HAL_Driver/Src/stm32u5xx_hal_icache.o
 .debug_frame   0x00001d14      0x84c ./Drivers/STM32U5xx_HAL_Driver/Src/stm32u5xx_hal_pwr_ex.o
 .debug_frame   0x00002560      0x288 ./Drivers/STM32U5xx_HAL_Driver/Src/stm32u5xx_hal_rcc.o
 .debug_frame   0x000027e8      0x5f0 ./Drivers/STM32U5xx_HAL_Driver/Src/stm32u5xx_hal_rcc_ex.o
 .debug_frame   0x00002dd8     0x125c ./Drivers/STM32U5xx_HAL_Driver/Src/stm32u5xx_hal_tim.o
 .debug_frame   0x00004034      0xab8 ./Drivers/STM32U5xx_HAL_Driver/Src/stm32u5xx_hal_tim_ex.o
 .debug_frame   0x00004aec       0x20 C:/ST/STM32CubeIDE_1.19.0/STM32CubeIDE/plugins/com.st.stm32cube.ide.mcu.externaltools.gnu-tools-for-stm32.13.3.rel1.win32_1.0.0.202411081344/tools/bin/../lib/gcc/arm-none-eabi/13.3.1/../../../../arm-none-eabi/lib/thumb/v8-m.main+fp/hard\libc_nano.a(libc_a-memset.o)
 .debug_frame   0x00004b0c       0x2c C:/ST/STM32CubeIDE_1.19.0/STM32CubeIDE/plugins/com.st.stm32cube.ide.mcu.externaltools.gnu-tools-for-stm32.13.3.rel1.win32_1.0.0.202411081344/tools/bin/../lib/gcc/arm-none-eabi/13.3.1/../../../../arm-none-eabi/lib/thumb/v8-m.main+fp/hard\libc_nano.a(libc_a-init.o)

.debug_line_str
                0x00000000       0x57
 .debug_line_str
                0x00000000       0x57 ./Core/Startup/startup_stm32u575cgtx.o
